
> wesoulgifts@0.1.0 build
> next build

  ▲ Next.js 14.2.15
  - Environments: .env.local

   Creating an optimized production build ...
 ✓ Compiled successfully
   Linting and checking validity of types ...
node.exe : 
At line:1 char:1
+ & "C:\Program 
Files\nodejs/node.exe" 
"C:\Program 
Files\nodejs/node_mo ...
+ ~~~~~~~~~~~~~~~~~~~~~~~~
~~~~~~~~~~~~~~~~~~~~~~~~~~
~~~~~~~~~~~~~~~~~~~
    + CategoryInfo        
      : NotSpecified: (:  
  String) [], RemoteExc   
 eption
    + FullyQualifiedError 
   Id : NativeCommandErr  
  or
 
Failed to compile.

./src/app/admin/coupons/pa
ge.tsx
5:10  Error: 'clsx' is 
defined but never used.  @
typescript-eslint/no-unuse
d-vars
75:14  Error: 'err' is 
defined but never used.  @
typescript-eslint/no-unuse
d-vars
204:38  Error: Unexpected 
any. Specify a different 
type.  @typescript-eslint/
no-explicit-any

./src/app/admin/dashboard/
page.tsx
50:69  Error: `'` can be 
escaped with `&apos;`, 
`&lsquo;`, `&#39;`, 
`&rsquo;`.  react/no-unesc
aped-entities

./src/app/admin/orders/pag
e.tsx
4:49  Error: 'Truck' is 
defined but never used.  @
typescript-eslint/no-unuse
d-vars
4:70  Error: 
'AlertCircle' is defined 
but never used.  @typescri
pt-eslint/no-unused-vars
9:40  Error: Unexpected 
any. Specify a different 
type.  @typescript-eslint/
no-explicit-any
11:54  Error: Unexpected 
any. Specify a different 
type.  @typescript-eslint/
no-explicit-any
12:48  Error: Unexpected 
any. Specify a different 
type.  @typescript-eslint/
no-explicit-any
23:6  Warning: React Hook 
useEffect has a missing 
dependency: 
'fetchOrders'. Either 
include it or remove the 
dependency array.  react-h
ooks/exhaustive-deps
217:49  Warning: Using 
`<img>` could result in 
slower LCP and higher 
bandwidth. Consider using 
`<Image />` from 
`next/image` to 
automatically optimize 
images. This may incur 
additional usage or cost 
from your provider. See: h
ttps://nextjs.org/docs/mes
sages/no-img-element  
@next/next/no-img-element

./src/app/admin/sellers/pa
ge.tsx
9:42  Error: Unexpected 
any. Specify a different 
type.  @typescript-eslint/
no-explicit-any
10:42  Error: Unexpected 
any. Specify a different 
type.  @typescript-eslint/
no-explicit-any
43:36  Error: Unexpected 
any. Specify a different 
type.  @typescript-eslint/
no-explicit-any
53:36  Error: Unexpected 
any. Specify a different 
type.  @typescript-eslint/
no-explicit-any
106:41  Error: Unexpected 
any. Specify a different 
type.  @typescript-eslint/
no-explicit-any
180:41  Error: Unexpected 
any. Specify a different 
type.  @typescript-eslint/
no-explicit-any

./src/app/admin/settings/p
age.tsx
4:10  Error: 'Settings' 
is defined but never 
used.  @typescript-eslint/
no-unused-vars
64:14  Error: 'err' is 
defined but never used.  @
typescript-eslint/no-unuse
d-vars
64:19  Error: Unexpected 
any. Specify a different 
type.  @typescript-eslint/
no-explicit-any
156:53  Error: Unexpected 
any. Specify a different 
type.  @typescript-eslint/
no-explicit-any

./src/app/admin/tickets/pa
ge.tsx
4:59  Error: 
'MessageCircle' is 
defined but never used.  @
typescript-eslint/no-unuse
d-vars
4:80  Error: 'Plus' is 
defined but never used.  @
typescript-eslint/no-unuse
d-vars
5:10  Error: 'clsx' is 
defined but never used.  @
typescript-eslint/no-unuse
d-vars
10:52  Error: Unexpected 
any. Specify a different 
type.  @typescript-eslint/
no-explicit-any
47:11  Error: 
'isResolving' is assigned 
a value but never used.  @
typescript-eslint/no-unuse
d-vars
58:53  Error: Unexpected 
any. Specify a different 
type.  @typescript-eslint/
no-explicit-any
76:34  Error: Unexpected 
any. Specify a different 
type.  @typescript-eslint/
no-explicit-any
124:35  Error: Unexpected 
any. Specify a different 
type.  @typescript-eslint/
no-explicit-any
190:41  Error: Unexpected 
any. Specify a different 
type.  @typescript-eslint/
no-explicit-any

./src/app/admin/users/page
.tsx
9:38  Error: Unexpected 
any. Specify a different 
type.  @typescript-eslint/
no-explicit-any
33:63  Error: Unexpected 
any. Specify a different 
type.  @typescript-eslint/
no-explicit-any
62:30  Error: Unexpected 
any. Specify a different 
type.  @typescript-eslint/
no-explicit-any
68:9  Error: 
'getRoleIcon' is assigned 
a value but never used.  @
typescript-eslint/no-unuse
d-vars
113:31  Error: Unexpected 
any. Specify a different 
type.  @typescript-eslint/
no-explicit-any

./src/app/api/admin/commis
sions/route.ts
20:12  Error: 'error' is 
defined but never used.  @
typescript-eslint/no-unuse
d-vars
49:12  Error: 'error' is 
defined but never used.  @
typescript-eslint/no-unuse
d-vars

./src/app/api/admin/coupon
s/route.ts
21:12  Error: 'error' is 
defined but never used.  @
typescript-eslint/no-unuse
d-vars
49:12  Error: 'error' is 
defined but never used.  @
typescript-eslint/no-unuse
d-vars

./src/app/api/admin/orders
/route.ts
36:21  Error: 'parsed' is 
never reassigned. Use 
'const' instead.  
prefer-const
38:22  Error: 'e' is 
defined but never used.  @
typescript-eslint/no-unuse
d-vars

./src/app/api/admin/payout
s/route.ts
41:12  Error: 'error' is 
defined but never used.  @
typescript-eslint/no-unuse
d-vars
76:12  Error: 'error' is 
defined but never used.  @
typescript-eslint/no-unuse
d-vars

./src/app/api/admin/seller
s/route.ts
11:20  Error: Unexpected 
any. Specify a different 
type.  @typescript-eslint/
no-explicit-any
52:9  Error: 'values' is 
never reassigned. Use 
'const' instead.  
prefer-const
52:17  Error: Unexpected 
any. Specify a different 
type.  @typescript-eslint/
no-explicit-any
63:19  Error: Unexpected 
any. Specify a different 
type.  @typescript-eslint/
no-explicit-any

./src/app/api/admin/ticket
s/route.ts
54:12  Error: 'error' is 
defined but never used.  @
typescript-eslint/no-unuse
d-vars
90:12  Error: 'error' is 
defined but never used.  @
typescript-eslint/no-unuse
d-vars

./src/app/api/admin/users/
route.ts
19:12  Error: 'error' is 
defined but never used.  @
typescript-eslint/no-unuse
d-vars
40:9  Error: 'updates' is 
never reassigned. Use 
'const' instead.  
prefer-const
41:9  Error: 'params' is 
never reassigned. Use 
'const' instead.  
prefer-const
41:17  Error: Unexpected 
any. Specify a different 
type.  @typescript-eslint/
no-explicit-any
64:12  Error: 'error' is 
defined but never used.  @
typescript-eslint/no-unuse
d-vars

./src/app/api/auth/login/r
oute.ts
33:23  Error: '_' is 
assigned a value but 
never used.  @typescript-e
slint/no-unused-vars
36:19  Error: Unexpected 
any. Specify a different 
type.  @typescript-eslint/
no-explicit-any

./src/app/api/auth/registe
r/route.ts
40:19  Error: Unexpected 
any. Specify a different 
type.  @typescript-eslint/
no-explicit-any

./src/app/api/categories/r
oute.ts
8:19  Error: Unexpected 
any. Specify a different 
type.  @typescript-eslint/
no-explicit-any
28:19  Error: Unexpected 
any. Specify a different 
type.  @typescript-eslint/
no-explicit-any

./src/app/api/orders/route
.ts
10:19  Error: Unexpected 
any. Specify a different 
type.  @typescript-eslint/
no-explicit-any
23:19  Error: Unexpected 
any. Specify a different 
type.  @typescript-eslint/
no-explicit-any
38:59  Error: Unexpected 
any. Specify a different 
type.  @typescript-eslint/
no-explicit-any
56:19  Error: Unexpected 
any. Specify a different 
type.  @typescript-eslint/
no-explicit-any

./src/app/api/products/rou
te.ts
11:9  Error: 'values' is 
never reassigned. Use 
'const' instead.  
prefer-const
11:17  Error: Unexpected 
any. Specify a different 
type.  @typescript-eslint/
no-explicit-any
12:9  Error: 'conditions' 
is never reassigned. Use 
'const' instead.  
prefer-const
32:19  Error: Unexpected 
any. Specify a different 
type.  @typescript-eslint/
no-explicit-any
44:20  Error: Unexpected 
any. Specify a different 
type.  @typescript-eslint/
no-explicit-any
66:19  Error: Unexpected 
any. Specify a different 
type.  @typescript-eslint/
no-explicit-any
78:20  Error: Unexpected 
any. Specify a different 
type.  @typescript-eslint/
no-explicit-any
106:19  Error: Unexpected 
any. Specify a different 
type.  @typescript-eslint/
no-explicit-any
118:20  Error: Unexpected 
any. Specify a different 
type.  @typescript-eslint/
no-explicit-any
143:19  Error: Unexpected 
any. Specify a different 
type.  @typescript-eslint/
no-explicit-any

./src/app/api/seller/analy
tics/route.ts
62:12  Error: 'error' is 
defined but never used.  @
typescript-eslint/no-unuse
d-vars

./src/app/api/seller/chat/
route.ts
48:12  Error: 'error' is 
defined but never used.  @
typescript-eslint/no-unuse
d-vars
79:12  Error: 'error' is 
defined but never used.  @
typescript-eslint/no-unuse
d-vars

./src/app/api/seller/inven
tory/route.ts
27:12  Error: 'error' is 
defined but never used.  @
typescript-eslint/no-unuse
d-vars
68:12  Error: 'error' is 
defined but never used.  @
typescript-eslint/no-unuse
d-vars

./src/app/api/seller/order
s/route.ts
35:21  Error: 'parsed' is 
never reassigned. Use 
'const' instead.  
prefer-const
37:22  Error: 'e' is 
defined but never used.  @
typescript-eslint/no-unuse
d-vars

./src/app/api/seller/route
.ts
11:20  Error: Unexpected 
any. Specify a different 
type.  @typescript-eslint/
no-explicit-any
46:19  Error: Unexpected 
any. Specify a different 
type.  @typescript-eslint/
no-explicit-any
58:20  Error: Unexpected 
any. Specify a different 
type.  @typescript-eslint/
no-explicit-any
77:19  Error: Unexpected 
any. Specify a different 
type.  @typescript-eslint/
no-explicit-any

./src/app/api/seller/setti
ngs/route.ts
21:12  Error: 'error' is 
defined but never used.  @
typescript-eslint/no-unuse
d-vars
37:10  Error: 'updates' 
is never reassigned. Use 
'const' instead.  
prefer-const
38:10  Error: 'params' is 
never reassigned. Use 
'const' instead.  
prefer-const
38:18  Error: Unexpected 
any. Specify a different 
type.  @typescript-eslint/
no-explicit-any
58:12  Error: 'error' is 
defined but never used.  @
typescript-eslint/no-unuse
d-vars

./src/app/api/seller/shipp
ing/route.ts
45:12  Error: 'error' is 
defined but never used.  @
typescript-eslint/no-unuse
d-vars
76:12  Error: 'error' is 
defined but never used.  @
typescript-eslint/no-unuse
d-vars

./src/app/api/upload/route
.ts
31:19  Error: Unexpected 
any. Specify a different 
type.  @typescript-eslint/
no-explicit-any

./src/app/cart/page.tsx
8:38  Error: Unexpected 
any. Specify a different 
type.  @typescript-eslint/
no-explicit-any
17:31  Error: Unexpected 
any. Specify a different 
type.  @typescript-eslint/
no-explicit-any
51:67  Error: `'` can be 
escaped with `&apos;`, 
`&lsquo;`, `&#39;`, 
`&rsquo;`.  react/no-unesc
aped-entities
63:21  Warning: Using 
`<img>` could result in 
slower LCP and higher 
bandwidth. Consider using 
`<Image />` from 
`next/image` to 
automatically optimize 
images. This may incur 
additional usage or cost 
from your provider. See: h
ttps://nextjs.org/docs/mes
sages/no-img-element  
@next/next/no-img-element

./src/app/checkout/page.ts
x
11:38  Error: Unexpected 
any. Specify a different 
type.  @typescript-eslint/
no-explicit-any
161:23  Warning: Using 
`<img>` could result in 
slower LCP and higher 
bandwidth. Consider using 
`<Image />` from 
`next/image` to 
automatically optimize 
images. This may incur 
additional usage or cost 
from your provider. See: h
ttps://nextjs.org/docs/mes
sages/no-img-element  
@next/next/no-img-element

./src/app/dashboard/admin/
page.tsx
9:36  Error: Unexpected 
any. Specify a different 
type.  @typescript-eslint/
no-explicit-any
11:42  Error: Unexpected 
any. Specify a different 
type.  @typescript-eslint/
no-explicit-any

./src/app/dashboard/custom
er/page.tsx
7:10  Error: 'clsx' is 
defined but never used.  @
typescript-eslint/no-unuse
d-vars
12:36  Error: Unexpected 
any. Specify a different 
type.  @typescript-eslint/
no-explicit-any
13:40  Error: Unexpected 
any. Specify a different 
type.  @typescript-eslint/
no-explicit-any
20:48  Error: Unexpected 
any. Specify a different 
type.  @typescript-eslint/
no-explicit-any
71:41  Error: Unexpected 
any. Specify a different 
type.  @typescript-eslint/
no-explicit-any
87:38  Error: Unexpected 
any. Specify a different 
type.  @typescript-eslint/
no-explicit-any
112:53  Error: Unexpected 
any. Specify a different 
type.  @typescript-eslint/
no-explicit-any
195:32  Error: `'` can be 
escaped with `&apos;`, 
`&lsquo;`, `&#39;`, 
`&rsquo;`.  react/no-unesc
aped-entities
239:49  Error: Unexpected 
any. Specify a different 
type.  @typescript-eslint/
no-explicit-any
290:47  Error: Unexpected 
any. Specify a different 
type.  @typescript-eslint/
no-explicit-any

./src/app/dashboard/seller
/page.tsx
9:36  Error: Unexpected 
any. Specify a different 
type.  @typescript-eslint/
no-explicit-any
13:48  Error: Unexpected 
any. Specify a different 
type.  @typescript-eslint/
no-explicit-any
14:46  Error: Unexpected 
any. Specify a different 
type.  @typescript-eslint/
no-explicit-any
15:44  Error: Unexpected 
any. Specify a different 
type.  @typescript-eslint/
no-explicit-any
16:48  Error: Unexpected 
any. Specify a different 
type.  @typescript-eslint/
no-explicit-any
22:56  Error: Unexpected 
any. Specify a different 
type.  @typescript-eslint/
no-explicit-any
117:19  Error: Unexpected 
any. Specify a different 
type.  @typescript-eslint/
no-explicit-any
145:19  Error: Unexpected 
any. Specify a different 
type.  @typescript-eslint/
no-explicit-any
173:35  Error: Unexpected 
any. Specify a different 
type.  @typescript-eslint/
no-explicit-any
203:19  Error: Unexpected 
any. Specify a different 
type.  @typescript-eslint/
no-explicit-any
229:82  Error: `'` can be 
escaped with `&apos;`, 
`&lsquo;`, `&#39;`, 
`&rsquo;`.  react/no-unesc
aped-entities
305:98  Error: `'` can be 
escaped with `&apos;`, 
`&lsquo;`, `&#39;`, 
`&rsquo;`.  react/no-unesc
aped-entities
313:34  Warning: Using 
`<img>` could result in 
slower LCP and higher 
bandwidth. Consider using 
`<Image />` from 
`next/image` to 
automatically optimize 
images. This may incur 
additional usage or cost 
from your provider. See: h
ttps://nextjs.org/docs/mes
sages/no-img-element  
@next/next/no-img-element
435:28  Warning: Using 
`<img>` could result in 
slower LCP and higher 
bandwidth. Consider using 
`<Image />` from 
`next/image` to 
automatically optimize 
images. This may incur 
additional usage or cost 
from your provider. See: h
ttps://nextjs.org/docs/mes
sages/no-img-element  
@next/next/no-img-element

./src/app/login/page.tsx
46:19  Error: Unexpected 
any. Specify a different 
type.  @typescript-eslint/
no-explicit-any
110:14  Error: `'` can be 
escaped with `&apos;`, 
`&lsquo;`, `&#39;`, 
`&rsquo;`.  react/no-unesc
aped-entities

./src/app/page.tsx
30:11  Warning: Using 
`<img>` could result in 
slower LCP and higher 
bandwidth. Consider using 
`<Image />` from 
`next/image` to 
automatically optimize 
images. This may incur 
additional usage or cost 
from your provider. See: h
ttps://nextjs.org/docs/mes
sages/no-img-element  
@next/next/no-img-element
130:19  Warning: Using 
`<img>` could result in 
slower LCP and higher 
bandwidth. Consider using 
`<Image />` from 
`next/image` to 
automatically optimize 
images. This may incur 
additional usage or cost 
from your provider. See: h
ttps://nextjs.org/docs/mes
sages/no-img-element  
@next/next/no-img-element

./src/app/product/[id]/pag
e.tsx
3:10  Error: 
'ShoppingCart' is defined 
but never used.  @typescri
pt-eslint/no-unused-vars
3:57  Error: 'Clock' is 
defined but never used.  @
typescript-eslint/no-unuse
d-vars
18:7  Error: 'product' is 
never reassigned. Use 
'const' instead.  
prefer-const
44:17  Warning: Using 
`<img>` could result in 
slower LCP and higher 
bandwidth. Consider using 
`<Image />` from 
`next/image` to 
automatically optimize 
images. This may incur 
additional usage or cost 
from your provider. See: h
ttps://nextjs.org/docs/mes
sages/no-img-element  
@next/next/no-img-element
54:21  Warning: Using 
`<img>` could result in 
slower LCP and higher 
bandwidth. Consider using 
`<Image />` from 
`next/image` to 
automatically optimize 
images. This may incur 
additional usage or cost 
from your provider. See: h
ttps://nextjs.org/docs/mes
sages/no-img-element  
@next/next/no-img-element

./src/app/register/page.ts
x
44:19  Error: Unexpected 
any. Specify a different 
type.  @typescript-eslint/
no-explicit-any

./src/app/seller/messages/
page.tsx
5:10  Error: 'clsx' is 
defined but never used.  @
typescript-eslint/no-unuse
d-vars
10:48  Error: Unexpected 
any. Specify a different 
type.  @typescript-eslint/
no-explicit-any
30:41  Error: Unexpected 
any. Specify a different 
type.  @typescript-eslint/
no-explicit-any
57:53  Error: Unexpected 
any. Specify a different 
type.  @typescript-eslint/
no-explicit-any
106:41  Error: Unexpected 
any. Specify a different 
type.  @typescript-eslint/
no-explicit-any
165:39  Error: Unexpected 
any. Specify a different 
type.  @typescript-eslint/
no-explicit-any

./src/app/seller/orders/pa
ge.tsx
9:40  Error: Unexpected 
any. Specify a different 
type.  @typescript-eslint/
no-explicit-any
11:54  Error: Unexpected 
any. Specify a different 
type.  @typescript-eslint/
no-explicit-any
12:48  Error: Unexpected 
any. Specify a different 
type.  @typescript-eslint/
no-explicit-any
301:48  Warning: Using 
`<img>` could result in 
slower LCP and higher 
bandwidth. Consider using 
`<Image />` from 
`next/image` to 
automatically optimize 
images. This may incur 
additional usage or cost 
from your provider. See: h
ttps://nextjs.org/docs/mes
sages/no-img-element  
@next/next/no-img-element

./src/app/seller/payouts/p
age.tsx
4:37  Error: 
'ArrowDownRight' is 
defined but never used.  @
typescript-eslint/no-unuse
d-vars
5:10  Error: 'clsx' is 
defined but never used.  @
typescript-eslint/no-unuse
d-vars
9:42  Error: Unexpected 
any. Specify a different 
type.  @typescript-eslint/
no-explicit-any
10:42  Error: Unexpected 
any. Specify a different 
type.  @typescript-eslint/
no-explicit-any
69:14  Error: 'err' is 
defined but never used.  @
typescript-eslint/no-unuse
d-vars

./src/app/seller/products/
new/page.tsx
5:34  Error: 'Save' is 
defined but never used.  @
typescript-eslint/no-unuse
d-vars
62:14  Error: 'err' is 
defined but never used.  @
typescript-eslint/no-unuse
d-vars
106:14  Error: 'err' is 
defined but never used.  @
typescript-eslint/no-unuse
d-vars
186:28  Warning: Using 
`<img>` could result in 
slower LCP and higher 
bandwidth. Consider using 
`<Image />` from 
`next/image` to 
automatically optimize 
images. This may incur 
additional usage or cost 
from your provider. See: h
ttps://nextjs.org/docs/mes
sages/no-img-element  
@next/next/no-img-element
274:44  Error: Unexpected 
any. Specify a different 
type.  @typescript-eslint/
no-explicit-any

./src/app/seller/products/
page.tsx
4:74  Error: 'Check' is 
defined but never used.  @
typescript-eslint/no-unuse
d-vars
10:44  Error: Unexpected 
any. Specify a different 
type.  @typescript-eslint/
no-explicit-any
32:38  Error: Unexpected 
any. Specify a different 
type.  @typescript-eslint/
no-explicit-any
87:41  Error: Unexpected 
any. Specify a different 
type.  @typescript-eslint/
no-explicit-any

./src/app/seller/settings/
page.tsx
4:20  Error: 'User' is 
defined but never used.  @
typescript-eslint/no-unuse
d-vars
5:10  Error: 'clsx' is 
defined but never used.  @
typescript-eslint/no-unuse
d-vars
9:42  Error: Unexpected 
any. Specify a different 
type.  @typescript-eslint/
no-explicit-any
61:14  Error: 'err' is 
defined but never used.  @
typescript-eslint/no-unuse
d-vars
97:28  Warning: Using 
`<img>` could result in 
slower LCP and higher 
bandwidth. Consider using 
`<Image />` from 
`next/image` to 
automatically optimize 
images. This may incur 
additional usage or cost 
from your provider. See: h
ttps://nextjs.org/docs/mes
sages/no-img-element  
@next/next/no-img-element

./src/app/seller/shipping/
page.tsx
4:29  Error: 
'CheckCircle' is defined 
but never used.  @typescri
pt-eslint/no-unused-vars
4:42  Error: 'Save' is 
defined but never used.  @
typescript-eslint/no-unuse
d-vars
5:10  Error: 'clsx' is 
defined but never used.  @
typescript-eslint/no-unuse
d-vars
9:38  Error: Unexpected 
any. Specify a different 
type.  @typescript-eslint/
no-explicit-any
72:14  Error: 'err' is 
defined but never used.  @
typescript-eslint/no-unuse
d-vars

./src/app/shop/page.tsx
62:21  Warning: Using 
`<img>` could result in 
slower LCP and higher 
bandwidth. Consider using 
`<Image />` from 
`next/image` to 
automatically optimize 
images. This may incur 
additional usage or cost 
from your provider. See: h
ttps://nextjs.org/docs/mes
sages/no-img-element  
@next/next/no-img-element

./src/components/layout/Fo
oter.tsx
9:13  Warning: Using 
`<img>` could result in 
slower LCP and higher 
bandwidth. Consider using 
`<Image />` from 
`next/image` to 
automatically optimize 
images. This may incur 
additional usage or cost 
from your provider. See: h
ttps://nextjs.org/docs/mes
sages/no-img-element  
@next/next/no-img-element

./src/components/layout/Na
vbar.tsx
10:36  Error: Unexpected 
any. Specify a different 
type.  @typescript-eslint/
no-explicit-any
22:55  Error: Unexpected 
any. Specify a different 
type.  @typescript-eslint/
no-explicit-any
36:18  Error: 'e' is 
defined but never used.  @
typescript-eslint/no-unuse
d-vars
66:15  Warning: Using 
`<img>` could result in 
slower LCP and higher 
bandwidth. Consider using 
`<Image />` from 
`next/image` to 
automatically optimize 
images. This may incur 
additional usage or cost 
from your provider. See: h
ttps://nextjs.org/docs/mes
sages/no-img-element  
@next/next/no-img-element

./src/components/ui/AddToC
artButton.tsx
5:65  Error: Unexpected 
any. Specify a different 
type.  @typescript-eslint/
no-explicit-any
8:9  Error: 'cart' is 
never reassigned. Use 
'const' instead.  
prefer-const
10:45  Error: Unexpected 
any. Specify a different 
type.  @typescript-eslint/
no-explicit-any

./src/lib/auth.ts
19:12  Error: 'error' is 
defined but never used.  @
typescript-eslint/no-unuse
d-vars

./src/lib/db.ts
18:52  Error: Unexpected 
any. Specify a different 
type.  @typescript-eslint/
no-explicit-any

info  - Need to disable 
some ESLint rules? Learn 
more here: https://nextjs.
org/docs/basic-features/es
lint#disabling-rules
