src/app/page.tsx(137,24): error TS2304: Cannot find name 'ShoppingCart'.
